// Jest Snapshot v1, https://goo.gl/fbAQLP

exports[`upload executes as expected 1`] = `
Object {
  "body": "{\\"url\\":\\"upload-url\\"}",
  "headers": Object {
    "Access-Control-Allow-Origin": "*",
  },
  "statusCode": 200,
}
`;
