// Jest Snapshot v1, https://goo.gl/fbAQLP

exports[`list executes as expected 1`] = `
Object {
  "body": "{\\"items\\":[{\\"itemId\\":\\"item_id_1\\",\\"userId\\":\\"user_id_1\\"},{\\"itemId\\":\\"item_id_2\\",\\"userId\\":\\"user_id_2\\"}]}",
  "headers": Object {
    "Access-Control-Allow-Origin": "*",
  },
  "statusCode": 200,
}
`;
