// Jest Snapshot v1, https://goo.gl/fbAQLP

exports[`put executes as expected 1`] = `
Object {
  "body": "{\\"item\\":{\\"itemId\\":\\"item_id_1\\",\\"userId\\":\\"user_id_1\\"}}",
  "headers": Object {
    "Access-Control-Allow-Origin": "*",
  },
  "statusCode": 200,
}
`;
